2026-05-11 13:21:10,879 INFO o.a.j.u.JMeterUtils: Setting Locale to en_EN
2026-05-11 13:21:10,900 INFO o.a.j.JMeter: Loading user properties from: C:\jmeter\apache-jmeter-5.6.3\apache-jmeter-5.6.3\bin\user.properties
2026-05-11 13:21:10,901 INFO o.a.j.JMeter: Loading system properties from: C:\jmeter\apache-jmeter-5.6.3\apache-jmeter-5.6.3\bin\system.properties
2026-05-11 13:21:10,912 INFO o.a.j.JMeter: Copyright (c) 1998-2024 The Apache Software Foundation
2026-05-11 13:21:10,913 INFO o.a.j.JMeter: Version 5.6.3
2026-05-11 13:21:10,913 INFO o.a.j.JMeter: java.version=25.0.3
2026-05-11 13:21:10,913 INFO o.a.j.JMeter: java.vm.name=OpenJDK 64-Bit Server VM
2026-05-11 13:21:10,913 INFO o.a.j.JMeter: os.name=Windows 11
2026-05-11 13:21:10,913 INFO o.a.j.JMeter: os.arch=amd64
2026-05-11 13:21:10,913 INFO o.a.j.JMeter: os.version=10.0
2026-05-11 13:21:10,913 INFO o.a.j.JMeter: file.encoding=UTF-8
2026-05-11 13:21:10,913 INFO o.a.j.JMeter: java.awt.headless=true
2026-05-11 13:21:10,913 INFO o.a.j.JMeter: Max memory     =1073741824
2026-05-11 13:21:10,913 INFO o.a.j.JMeter: Available Processors =22
2026-05-11 13:21:10,937 INFO o.a.j.JMeter: Default Locale=English (EN)
2026-05-11 13:21:10,938 INFO o.a.j.JMeter: JMeter  Locale=English (EN)
2026-05-11 13:21:10,938 INFO o.a.j.JMeter: JMeterHome=C:\jmeter\apache-jmeter-5.6.3\apache-jmeter-5.6.3
2026-05-11 13:21:10,938 INFO o.a.j.JMeter: user.dir  =C:\Users\barro\GitHub\qa-automation-course
2026-05-11 13:21:10,939 INFO o.a.j.JMeter: PWD       =C:\Users\barro\GitHub\qa-automation-course
2026-05-11 13:21:10,948 INFO o.a.j.JMeter: IP: 192.168.68.119 Name: HP17 FullName: HP17
2026-05-11 13:21:10,965 INFO o.a.j.s.FileServer: Default base='C:\Users\barro\GitHub\qa-automation-course'
2026-05-11 13:21:10,966 INFO o.a.j.s.FileServer: Set new base='C:\Users\barro\GitHub\qa-automation-course'
2026-05-11 13:21:11,192 INFO o.a.j.s.SaveService: Testplan (JMX) version: 2.2. Testlog (JTL) version: 2.2
2026-05-11 13:21:11,211 INFO o.a.j.s.SaveService: Using SaveService properties version 5.0
2026-05-11 13:21:11,214 INFO o.a.j.s.SaveService: Using SaveService properties file encoding UTF-8
2026-05-11 13:21:11,216 INFO o.a.j.s.SaveService: Loading file: load-test.jmx
2026-05-11 13:21:11,260 INFO o.a.j.p.h.s.HTTPSamplerBase: Parser for text/html is org.apache.jmeter.protocol.http.parser.LagartoBasedHtmlParser
2026-05-11 13:21:11,260 INFO o.a.j.p.h.s.HTTPSamplerBase: Parser for application/xhtml+xml is org.apache.jmeter.protocol.http.parser.LagartoBasedHtmlParser
2026-05-11 13:21:11,260 INFO o.a.j.p.h.s.HTTPSamplerBase: Parser for application/xml is org.apache.jmeter.protocol.http.parser.LagartoBasedHtmlParser
2026-05-11 13:21:11,260 INFO o.a.j.p.h.s.HTTPSamplerBase: Parser for text/xml is org.apache.jmeter.protocol.http.parser.LagartoBasedHtmlParser
2026-05-11 13:21:11,260 INFO o.a.j.p.h.s.HTTPSamplerBase: Parser for text/vnd.wap.wml is org.apache.jmeter.protocol.http.parser.RegexpHTMLParser
2026-05-11 13:21:11,260 INFO o.a.j.p.h.s.HTTPSamplerBase: Parser for text/css is org.apache.jmeter.protocol.http.parser.CssParser
2026-05-11 13:21:11,278 INFO o.a.j.JMeter: Creating summariser <summary>
2026-05-11 13:21:11,295 INFO o.a.j.e.StandardJMeterEngine: Running the test!
2026-05-11 13:21:11,296 INFO o.a.j.s.SampleEvent: List of sample_variables: []
2026-05-11 13:21:11,296 INFO o.a.j.s.SampleEvent: List of sample_variables: []
2026-05-11 13:21:11,302 INFO o.a.j.e.u.CompoundVariable: Note: Function class names must contain the string: '.functions.'
2026-05-11 13:21:11,302 INFO o.a.j.e.u.CompoundVariable: Note: Function class names must not contain the string: '.gui.'
2026-05-11 13:21:11,379 INFO o.a.j.JMeter: Running test (1778520071378)
2026-05-11 13:21:11,393 INFO o.a.j.e.StandardJMeterEngine: Starting ThreadGroup: 1 : Thread Group
2026-05-11 13:21:11,395 INFO o.a.j.e.StandardJMeterEngine: Starting 50 threads for group Thread Group.
2026-05-11 13:21:11,395 INFO o.a.j.e.StandardJMeterEngine: Thread will continue on error
2026-05-11 13:21:11,395 INFO o.a.j.t.ThreadGroup: Starting thread group... number=1 threads=50 ramp-up=5 delayedStart=false
2026-05-11 13:21:11,404 INFO o.a.j.t.JMeterThread: Thread started: Thread Group 1-1
2026-05-11 13:21:11,416 INFO o.a.j.t.ThreadGroup: Started thread group number 1
2026-05-11 13:21:11,416 INFO o.a.j.e.StandardJMeterEngine: All thread groups have been started
2026-05-11 13:21:11,425 INFO o.a.j.p.h.s.HTTPHCAbstractImpl: Local host = HP17
2026-05-11 13:21:11,432 INFO o.a.j.p.h.s.HTTPHC4Impl: HTTP request retry count = 0
2026-05-11 13:21:11,433 INFO o.a.j.s.SampleResult: Note: Sample TimeStamps are START times
2026-05-11 13:21:11,433 INFO o.a.j.s.SampleResult: sampleresult.default.encoding is set to UTF-8
2026-05-11 13:21:11,434 INFO o.a.j.s.SampleResult: sampleresult.useNanoTime=true
2026-05-11 13:21:11,434 INFO o.a.j.s.SampleResult: sampleresult.nanoThreadSleep=5000
2026-05-11 13:21:11,499 INFO o.a.j.t.JMeterThread: Thread started: Thread Group 1-2
2026-05-11 13:21:11,538 INFO o.a.j.p.h.s.h.LazyLayeredConnectionSocketFactory: Setting up HTTPS TrustAll Socket Factory
2026-05-11 13:21:11,542 INFO o.a.j.u.JsseSSLManager: Using default SSL protocol: TLS
2026-05-11 13:21:11,542 INFO o.a.j.u.JsseSSLManager: SSL session context: per-thread
2026-05-11 13:21:11,600 INFO o.a.j.t.JMeterThread: Thread started: Thread Group 1-3
2026-05-11 13:21:11,618 INFO o.a.j.u.SSLManager: JmeterKeyStore Location:  type JKS
2026-05-11 13:21:11,619 INFO o.a.j.u.SSLManager: KeyStore created OK
2026-05-11 13:21:11,620 WARN o.a.j.u.SSLManager: Keystore file not found, loading empty keystore
2026-05-11 13:21:11,700 INFO o.a.j.t.JMeterThread: Thread started: Thread Group 1-4
2026-05-11 13:21:11,798 INFO o.a.j.t.JMeterThread: Thread started: Thread Group 1-5
2026-05-11 13:21:11,900 INFO o.a.j.t.JMeterThread: Thread started: Thread Group 1-6
2026-05-11 13:21:11,928 INFO o.a.j.t.JMeterThread: Thread is done: Thread Group 1-3
2026-05-11 13:21:11,928 INFO o.a.j.t.JMeterThread: Thread is done: Thread Group 1-2
2026-05-11 13:21:11,934 INFO o.a.j.t.JMeterThread: Thread finished: Thread Group 1-3
2026-05-11 13:21:11,928 INFO o.a.j.t.JMeterThread: Thread is done: Thread Group 1-4
2026-05-11 13:21:11,928 INFO o.a.j.t.JMeterThread: Thread is done: Thread Group 1-1
2026-05-11 13:21:11,934 INFO o.a.j.t.JMeterThread: Thread finished: Thread Group 1-2
2026-05-11 13:21:11,934 INFO o.a.j.t.JMeterThread: Thread finished: Thread Group 1-4
2026-05-11 13:21:11,934 INFO o.a.j.t.JMeterThread: Thread finished: Thread Group 1-1
2026-05-11 13:21:11,986 INFO o.a.j.t.JMeterThread: Thread is done: Thread Group 1-5
2026-05-11 13:21:11,986 INFO o.a.j.t.JMeterThread: Thread finished: Thread Group 1-5
2026-05-11 13:21:11,998 INFO o.a.j.t.JMeterThread: Thread started: Thread Group 1-7
2026-05-11 13:21:12,080 INFO o.a.j.t.JMeterThread: Thread is done: Thread Group 1-6
2026-05-11 13:21:12,081 INFO o.a.j.t.JMeterThread: Thread finished: Thread Group 1-6
2026-05-11 13:21:12,098 INFO o.a.j.t.JMeterThread: Thread started: Thread Group 1-8
2026-05-11 13:21:12,156 INFO o.a.j.t.JMeterThread: Thread is done: Thread Group 1-7
2026-05-11 13:21:12,156 INFO o.a.j.t.JMeterThread: Thread finished: Thread Group 1-7
2026-05-11 13:21:12,197 INFO o.a.j.t.JMeterThread: Thread started: Thread Group 1-9
2026-05-11 13:21:12,253 INFO o.a.j.t.JMeterThread: Thread is done: Thread Group 1-8
2026-05-11 13:21:12,253 INFO o.a.j.t.JMeterThread: Thread finished: Thread Group 1-8
2026-05-11 13:21:12,297 INFO o.a.j.t.JMeterThread: Thread started: Thread Group 1-10
2026-05-11 13:21:12,347 INFO o.a.j.t.JMeterThread: Thread is done: Thread Group 1-9
2026-05-11 13:21:12,347 INFO o.a.j.t.JMeterThread: Thread finished: Thread Group 1-9
2026-05-11 13:21:12,397 INFO o.a.j.t.JMeterThread: Thread started: Thread Group 1-11
2026-05-11 13:21:12,468 INFO o.a.j.t.JMeterThread: Thread is done: Thread Group 1-10
2026-05-11 13:21:12,468 INFO o.a.j.t.JMeterThread: Thread finished: Thread Group 1-10
2026-05-11 13:21:12,497 INFO o.a.j.t.JMeterThread: Thread started: Thread Group 1-12
2026-05-11 13:21:12,578 INFO o.a.j.t.JMeterThread: Thread is done: Thread Group 1-11
2026-05-11 13:21:12,578 INFO o.a.j.t.JMeterThread: Thread finished: Thread Group 1-11
2026-05-11 13:21:12,598 INFO o.a.j.t.JMeterThread: Thread started: Thread Group 1-13
2026-05-11 13:21:12,673 INFO o.a.j.t.JMeterThread: Thread is done: Thread Group 1-12
2026-05-11 13:21:12,673 INFO o.a.j.t.JMeterThread: Thread finished: Thread Group 1-12
2026-05-11 13:21:12,698 INFO o.a.j.t.JMeterThread: Thread started: Thread Group 1-14
2026-05-11 13:21:12,756 INFO o.a.j.t.JMeterThread: Thread is done: Thread Group 1-13
2026-05-11 13:21:12,757 INFO o.a.j.t.JMeterThread: Thread finished: Thread Group 1-13
2026-05-11 13:21:12,797 INFO o.a.j.t.JMeterThread: Thread started: Thread Group 1-15
2026-05-11 13:21:12,852 INFO o.a.j.t.JMeterThread: Thread is done: Thread Group 1-14
2026-05-11 13:21:12,852 INFO o.a.j.t.JMeterThread: Thread finished: Thread Group 1-14
2026-05-11 13:21:12,897 INFO o.a.j.t.JMeterThread: Thread started: Thread Group 1-16
2026-05-11 13:21:12,952 INFO o.a.j.t.JMeterThread: Thread is done: Thread Group 1-15
2026-05-11 13:21:12,952 INFO o.a.j.t.JMeterThread: Thread finished: Thread Group 1-15
2026-05-11 13:21:12,998 INFO o.a.j.t.JMeterThread: Thread started: Thread Group 1-17
2026-05-11 13:21:13,054 INFO o.a.j.t.JMeterThread: Thread is done: Thread Group 1-16
2026-05-11 13:21:13,054 INFO o.a.j.t.JMeterThread: Thread finished: Thread Group 1-16
2026-05-11 13:21:13,098 INFO o.a.j.t.JMeterThread: Thread started: Thread Group 1-18
2026-05-11 13:21:13,155 INFO o.a.j.t.JMeterThread: Thread is done: Thread Group 1-17
2026-05-11 13:21:13,155 INFO o.a.j.t.JMeterThread: Thread finished: Thread Group 1-17
2026-05-11 13:21:13,197 INFO o.a.j.t.JMeterThread: Thread started: Thread Group 1-19
2026-05-11 13:21:13,269 INFO o.a.j.t.JMeterThread: Thread is done: Thread Group 1-18
2026-05-11 13:21:13,269 INFO o.a.j.t.JMeterThread: Thread finished: Thread Group 1-18
2026-05-11 13:21:13,296 INFO o.a.j.t.JMeterThread: Thread started: Thread Group 1-20
2026-05-11 13:21:13,365 INFO o.a.j.t.JMeterThread: Thread is done: Thread Group 1-19
2026-05-11 13:21:13,365 INFO o.a.j.t.JMeterThread: Thread finished: Thread Group 1-19
2026-05-11 13:21:13,398 INFO o.a.j.t.JMeterThread: Thread started: Thread Group 1-21
2026-05-11 13:21:13,460 INFO o.a.j.t.JMeterThread: Thread is done: Thread Group 1-20
2026-05-11 13:21:13,460 INFO o.a.j.t.JMeterThread: Thread finished: Thread Group 1-20
2026-05-11 13:21:13,497 INFO o.a.j.t.JMeterThread: Thread started: Thread Group 1-22
2026-05-11 13:21:13,574 INFO o.a.j.t.JMeterThread: Thread is done: Thread Group 1-21
2026-05-11 13:21:13,574 INFO o.a.j.t.JMeterThread: Thread finished: Thread Group 1-21
2026-05-11 13:21:13,596 INFO o.a.j.t.JMeterThread: Thread started: Thread Group 1-23
2026-05-11 13:21:13,661 INFO o.a.j.t.JMeterThread: Thread is done: Thread Group 1-22
2026-05-11 13:21:13,661 INFO o.a.j.t.JMeterThread: Thread finished: Thread Group 1-22
2026-05-11 13:21:13,697 INFO o.a.j.t.JMeterThread: Thread started: Thread Group 1-24
2026-05-11 13:21:13,762 INFO o.a.j.t.JMeterThread: Thread is done: Thread Group 1-23
2026-05-11 13:21:13,762 INFO o.a.j.t.JMeterThread: Thread finished: Thread Group 1-23
2026-05-11 13:21:13,796 INFO o.a.j.t.JMeterThread: Thread started: Thread Group 1-25
2026-05-11 13:21:13,876 INFO o.a.j.t.JMeterThread: Thread is done: Thread Group 1-24
2026-05-11 13:21:13,876 INFO o.a.j.t.JMeterThread: Thread finished: Thread Group 1-24
2026-05-11 13:21:13,897 INFO o.a.j.t.JMeterThread: Thread started: Thread Group 1-26
2026-05-11 13:21:13,962 INFO o.a.j.t.JMeterThread: Thread is done: Thread Group 1-25
2026-05-11 13:21:13,962 INFO o.a.j.t.JMeterThread: Thread finished: Thread Group 1-25
2026-05-11 13:21:13,997 INFO o.a.j.t.JMeterThread: Thread started: Thread Group 1-27
2026-05-11 13:21:14,054 INFO o.a.j.t.JMeterThread: Thread is done: Thread Group 1-26
2026-05-11 13:21:14,055 INFO o.a.j.t.JMeterThread: Thread finished: Thread Group 1-26
2026-05-11 13:21:14,096 INFO o.a.j.t.JMeterThread: Thread started: Thread Group 1-28
2026-05-11 13:21:14,157 INFO o.a.j.t.JMeterThread: Thread is done: Thread Group 1-27
2026-05-11 13:21:14,158 INFO o.a.j.t.JMeterThread: Thread finished: Thread Group 1-27
2026-05-11 13:21:14,197 INFO o.a.j.t.JMeterThread: Thread started: Thread Group 1-29
2026-05-11 13:21:14,252 INFO o.a.j.t.JMeterThread: Thread is done: Thread Group 1-28
2026-05-11 13:21:14,252 INFO o.a.j.t.JMeterThread: Thread finished: Thread Group 1-28
2026-05-11 13:21:14,297 INFO o.a.j.t.JMeterThread: Thread started: Thread Group 1-30
2026-05-11 13:21:14,358 INFO o.a.j.t.JMeterThread: Thread is done: Thread Group 1-29
2026-05-11 13:21:14,358 INFO o.a.j.t.JMeterThread: Thread finished: Thread Group 1-29
2026-05-11 13:21:14,396 INFO o.a.j.t.JMeterThread: Thread started: Thread Group 1-31
2026-05-11 13:21:14,455 INFO o.a.j.t.JMeterThread: Thread is done: Thread Group 1-30
2026-05-11 13:21:14,455 INFO o.a.j.t.JMeterThread: Thread finished: Thread Group 1-30
2026-05-11 13:21:14,497 INFO o.a.j.t.JMeterThread: Thread started: Thread Group 1-32
2026-05-11 13:21:14,575 INFO o.a.j.t.JMeterThread: Thread is done: Thread Group 1-31
2026-05-11 13:21:14,575 INFO o.a.j.t.JMeterThread: Thread finished: Thread Group 1-31
2026-05-11 13:21:14,598 INFO o.a.j.t.JMeterThread: Thread started: Thread Group 1-33
2026-05-11 13:21:14,661 INFO o.a.j.t.JMeterThread: Thread is done: Thread Group 1-32
2026-05-11 13:21:14,661 INFO o.a.j.t.JMeterThread: Thread finished: Thread Group 1-32
2026-05-11 13:21:14,697 INFO o.a.j.t.JMeterThread: Thread started: Thread Group 1-34
2026-05-11 13:21:14,762 INFO o.a.j.t.JMeterThread: Thread is done: Thread Group 1-33
2026-05-11 13:21:14,762 INFO o.a.j.t.JMeterThread: Thread finished: Thread Group 1-33
2026-05-11 13:21:14,796 INFO o.a.j.t.JMeterThread: Thread started: Thread Group 1-35
2026-05-11 13:21:14,852 INFO o.a.j.t.JMeterThread: Thread is done: Thread Group 1-34
2026-05-11 13:21:14,852 INFO o.a.j.t.JMeterThread: Thread finished: Thread Group 1-34
2026-05-11 13:21:14,896 INFO o.a.j.t.JMeterThread: Thread started: Thread Group 1-36
2026-05-11 13:21:14,954 INFO o.a.j.t.JMeterThread: Thread is done: Thread Group 1-35
2026-05-11 13:21:14,954 INFO o.a.j.t.JMeterThread: Thread finished: Thread Group 1-35
2026-05-11 13:21:14,996 INFO o.a.j.t.JMeterThread: Thread started: Thread Group 1-37
2026-05-11 13:21:15,075 INFO o.a.j.t.JMeterThread: Thread is done: Thread Group 1-36
2026-05-11 13:21:15,075 INFO o.a.j.t.JMeterThread: Thread finished: Thread Group 1-36
2026-05-11 13:21:15,097 INFO o.a.j.t.JMeterThread: Thread started: Thread Group 1-38
2026-05-11 13:21:15,171 INFO o.a.j.t.JMeterThread: Thread is done: Thread Group 1-37
2026-05-11 13:21:15,171 INFO o.a.j.t.JMeterThread: Thread finished: Thread Group 1-37
2026-05-11 13:21:15,197 INFO o.a.j.t.JMeterThread: Thread started: Thread Group 1-39
2026-05-11 13:21:15,256 INFO o.a.j.t.JMeterThread: Thread is done: Thread Group 1-38
2026-05-11 13:21:15,256 INFO o.a.j.t.JMeterThread: Thread finished: Thread Group 1-38
2026-05-11 13:21:15,297 INFO o.a.j.t.JMeterThread: Thread started: Thread Group 1-40
2026-05-11 13:21:15,348 INFO o.a.j.t.JMeterThread: Thread is done: Thread Group 1-39
2026-05-11 13:21:15,348 INFO o.a.j.t.JMeterThread: Thread finished: Thread Group 1-39
2026-05-11 13:21:15,397 INFO o.a.j.t.JMeterThread: Thread started: Thread Group 1-41
2026-05-11 13:21:15,460 INFO o.a.j.t.JMeterThread: Thread is done: Thread Group 1-40
2026-05-11 13:21:15,460 INFO o.a.j.t.JMeterThread: Thread finished: Thread Group 1-40
2026-05-11 13:21:15,497 INFO o.a.j.t.JMeterThread: Thread started: Thread Group 1-42
2026-05-11 13:21:15,581 INFO o.a.j.t.JMeterThread: Thread is done: Thread Group 1-41
2026-05-11 13:21:15,581 INFO o.a.j.t.JMeterThread: Thread finished: Thread Group 1-41
2026-05-11 13:21:15,596 INFO o.a.j.t.JMeterThread: Thread started: Thread Group 1-43
2026-05-11 13:21:15,654 INFO o.a.j.t.JMeterThread: Thread is done: Thread Group 1-42
2026-05-11 13:21:15,654 INFO o.a.j.t.JMeterThread: Thread finished: Thread Group 1-42
2026-05-11 13:21:15,696 INFO o.a.j.t.JMeterThread: Thread started: Thread Group 1-44
2026-05-11 13:21:15,762 INFO o.a.j.t.JMeterThread: Thread is done: Thread Group 1-43
2026-05-11 13:21:15,762 INFO o.a.j.t.JMeterThread: Thread finished: Thread Group 1-43
2026-05-11 13:21:15,797 INFO o.a.j.t.JMeterThread: Thread started: Thread Group 1-45
2026-05-11 13:21:15,861 INFO o.a.j.t.JMeterThread: Thread is done: Thread Group 1-44
2026-05-11 13:21:15,861 INFO o.a.j.t.JMeterThread: Thread finished: Thread Group 1-44
2026-05-11 13:21:15,897 INFO o.a.j.t.JMeterThread: Thread started: Thread Group 1-46
2026-05-11 13:21:15,958 INFO o.a.j.t.JMeterThread: Thread is done: Thread Group 1-45
2026-05-11 13:21:15,958 INFO o.a.j.t.JMeterThread: Thread finished: Thread Group 1-45
2026-05-11 13:21:15,998 INFO o.a.j.t.JMeterThread: Thread started: Thread Group 1-47
2026-05-11 13:21:16,060 INFO o.a.j.t.JMeterThread: Thread is done: Thread Group 1-46
2026-05-11 13:21:16,060 INFO o.a.j.t.JMeterThread: Thread finished: Thread Group 1-46
2026-05-11 13:21:16,097 INFO o.a.j.t.JMeterThread: Thread started: Thread Group 1-48
2026-05-11 13:21:16,159 INFO o.a.j.t.JMeterThread: Thread is done: Thread Group 1-47
2026-05-11 13:21:16,159 INFO o.a.j.t.JMeterThread: Thread finished: Thread Group 1-47
2026-05-11 13:21:16,196 INFO o.a.j.t.JMeterThread: Thread started: Thread Group 1-49
2026-05-11 13:21:16,254 INFO o.a.j.t.JMeterThread: Thread is done: Thread Group 1-48
2026-05-11 13:21:16,254 INFO o.a.j.t.JMeterThread: Thread finished: Thread Group 1-48
2026-05-11 13:21:16,296 INFO o.a.j.t.JMeterThread: Thread started: Thread Group 1-50
2026-05-11 13:21:16,361 INFO o.a.j.t.JMeterThread: Thread is done: Thread Group 1-49
2026-05-11 13:21:16,361 INFO o.a.j.t.JMeterThread: Thread finished: Thread Group 1-49
2026-05-11 13:21:16,490 INFO o.a.j.t.JMeterThread: Thread is done: Thread Group 1-50
2026-05-11 13:21:16,490 INFO o.a.j.t.JMeterThread: Thread finished: Thread Group 1-50
2026-05-11 13:21:16,490 INFO o.a.j.e.StandardJMeterEngine: Notifying test listeners of end of test
2026-05-11 13:21:16,493 INFO o.a.j.r.Summariser: summary =     50 in 00:00:05 =    9.8/s Avg:   178 Min:   149 Max:   437 Err:     0 (0.00%)
